// Jest Snapshot v1, https://goo.gl/fbAQLP

exports[`Badge Component Should match with snapshot 1`] = `
<div>
  <div>
    <span
      class="c-liaMuE c-liaMuE-gwOuTX-size-small c-liaMuE-iezRxa-padding-loose c-liaMuE-dYJjti-label-regular"
    >
      <img
        alt="Badge Icon"
        class="badge--icon badge--icon__padding"
        src="[object Object]"
      />
      Badge Text Content
    </span>
  </div>
</div>
`;
